// Jest Snapshot v1, https://goo.gl/fbAQLP

exports[`renders react node 1`] = `
<blockquote
  class="blockquote"
  data-testid="markdown-blockquote"
>
  Hello
</blockquote>
`;

exports[`renders string 1`] = `
<blockquote
  class="blockquote"
  data-testid="markdown-blockquote"
>
  Hello
</blockquote>
`;
