// Jest Snapshot v1, https://goo.gl/fbAQLP

exports[`renders correctly 1`] = `
<div
  class="markdownBody"
>
  <h1
    class="h1"
  >
    Introduction
  </h1>
  <div
    class="paragraph"
  >
    This is an introduction section.
  </div>
  <h1
    class="h1"
  >
    1 First section
  </h1>
  <h2
    class="h2"
  >
    1.1 First sub heading
  </h2>
  <div
    class="paragraph"
  >
    Lorem ipsum dolor sit amet, consectetur adipiscing elit, sed do eiusmod tempor incididunt ut labore et dolore magna aliqua.
  </div>
  <h3
    class="h3"
  >
    1.1.1 First inner heading
  </h3>
  <div
    class="paragraph"
  >
    The 
    <code
      class="code"
    >
      map
    </code>
     function is so declarative.

    <figure
      class="container"
    >
      <img
        alt="Image"
        class="image"
        data-testid="markdown-image"
        src="https://example.com/example.png"
      />
      <figcaption
        class="caption"
      >
        Image
      </figcaption>
    </figure>
  </div>
  <h2
    class="h2"
  >
    1.2 Second sub heading
  </h2>
  <div
    class="paragraph"
  >
    This is a long paragraph, contains 
    <strong
      class="strong"
      data-testid="markdown-strong"
    >
      bold text
    </strong>
    , links, and many more.

    <a
      class="link"
      data-testid="markdown-link"
      href="https://example.com"
    >
      See more here
    </a>
  </div>
  <h1
    class="h1"
  >
    2 Second section
  </h1>
  <blockquote
    class="blockquote"
    data-testid="markdown-blockquote"
  >
    <div
      class="paragraph"
    >
      This is a blockquote
    </div>
  </blockquote>
  <h1
    class="h1"
  >
    3 Code sample
  </h1>
  <pre
    class="container"
  >
    <code
      class="language-javascript code"
    >
      import React from 'react'
    </code>
  </pre>
  <h1
    class="h1"
  >
    List demo
  </h1>
  <ul
    class="list"
  >
    <li>
      Try hard
    </li>
    <li>
      Try harder
    </li>
  </ul>
  <ol
    class="list"
  >
    <li>
      Prepare
    </li>
    <li>
      Go
    </li>
  </ol>
  <h1
    class="h1"
  >
    4 Table
  </h1>
  <table
    class="table"
  >
    <thead>
      <tr
        class="row"
      >
        <th
          align="left"
          class="cell header"
        >
          Name
        </th>
        <th
          align="center"
          class="cell header"
        >
          Age
        </th>
        <th
          align="right"
          class="cell header"
        >
          Address
        </th>
      </tr>
    </thead>
    <tbody>
      <tr
        class="row"
      >
        <td
          align="left"
          class="cell"
        >
          A
        </td>
        <td
          align="center"
          class="cell"
        >
          12
        </td>
        <td
          align="right"
          class="cell"
        >
          xyz
        </td>
      </tr>
      <tr
        class="row"
      >
        <td
          align="left"
          class="cell"
        >
          B
        </td>
        <td
          align="center"
          class="cell"
        >
          21
        </td>
        <td
          align="right"
          class="cell"
        >
          abc
        </td>
      </tr>
    </tbody>
  </table>
</div>
`;
