// Jest Snapshot v1, https://goo.gl/fbAQLP

exports[`render correctly 1`] = `
<div
  class="markdownBody"
>
  <h1
    class="h1"
  >
    Introduction
  </h1>
  <p
    class="paragraph"
  >
    Lorem ipsum dolor sit amet, consectetur adipiscing elit, sed do eiusmod tempor incididunt ut labore et dolore magna aliqua.
  </p>
  <h1
    class="h1"
  >
    1 Lorem Ipsum
  </h1>
  <h2
    class="h2"
  >
    1.1 Lorem Ipsum
  </h2>
  <p
    class="paragraph"
  >
    Lorem ipsum dolor sit amet, consectetur adipiscing elit, sed do eiusmod tempor incididunt ut labore et dolore magna aliqua.
  </p>
  <h3
    class="h3"
  >
    1.1.1 Lorem Ipsum
  </h3>
  <p
    class="paragraph"
  >
    Lorem ipsum dolor sit amet, consectetur adipiscing elit, sed do eiusmod tempor incididunt ut labore et dolore magna aliqua.
  </p>
  <p
    class="paragraph"
  >
    Ut enim ad minim veniam, quis nostrud exercitation ullamco laboris nisi ut aliquip ex ea commodo consequat.

    <div
      class="container"
    >
      <img
        alt="Image"
        class="image"
        data-testid="markdown-image"
        src="https://example.com/example.png"
      />
      <div
        class="caption"
      >
        Image
      </div>
    </div>
  </p>
  <h2
    class="h2"
  >
    1.2 Lorem Ipsum
  </h2>
  <p
    class="paragraph"
  >
    Lorem ipsum dolor sit amet, consectetur adipiscing elit, sed do eiusmod tempor incididunt ut labore et dolore magna aliqua.

    <a
      class="link"
      data-testid="markdown-link"
      href="https://example.com"
    >
      Lorem ipsum dolor sit amet
    </a>
  </p>
  <h1
    class="h1"
  >
    2 Lorem Ipsum
  </h1>
</div>
`;
