// Jest Snapshot v1, https://goo.gl/fbAQLP

exports[`renders post list 1`] = `
<div
  class="postList"
>
  <div
    class="postItem"
  >
    <div
      class="post-list-item"
    >
      <a
        class="link"
        href="/blog/mysql-optimize-where"
      >
        <h2
          class="title"
        >
          Lorem ipsum dolor sit amet, consectetur adipiscing elit.
        </h2>
      </a>
      <span
        class="creation"
      >
        <span>
          January 13, 2020
        </span>
        <span>
           by _MoonLight_
        </span>
      </span>
      <div
        class="tags"
      >
        <div
          class="tag"
        >
          Javascript
        </div>
        <div
          class="tag"
        >
          Frontend
        </div>
        <div
          class="tag"
        >
          React
        </div>
      </div>
      <div
        class="paragraph"
      >
        Lorem ipsum dolor sit amet, consectetur adipiscing elit, sed do eiusmod tempor incididunt ut labore et dolore magna aliqua. Ut enim ad minim veniam, quis nostrud exercitation ullamco laboris nisi ut aliquip ex ea commodo consequat. Duis aute irure dolor in …
      </div>
    </div>
  </div>
  <div
    class="postItem"
  >
    <div
      class="post-list-item"
    >
      <a
        class="link"
        href="/blog/mysql-optimize-where"
      >
        <h2
          class="title"
        >
          Lorem ipsum dolor sit amet, consectetur adipiscing elit.
        </h2>
      </a>
      <span
        class="creation"
      >
        <span>
          January 13, 2020
        </span>
        <span>
           by _MoonLight_
        </span>
      </span>
      <div
        class="tags"
      >
        <div
          class="tag"
        >
          Javascript
        </div>
        <div
          class="tag"
        >
          Frontend
        </div>
        <div
          class="tag"
        >
          React
        </div>
      </div>
      <div
        class="paragraph"
      >
        Lorem ipsum dolor sit amet, consectetur adipiscing elit, sed do eiusmod tempor incididunt ut labore et dolore magna aliqua. Ut enim ad minim veniam, quis nostrud exercitation ullamco laboris nisi ut aliquip ex ea commodo consequat. Duis aute irure dolor in …
      </div>
    </div>
  </div>
  <div
    class="postItem"
  >
    <div
      class="post-list-item"
    >
      <a
        class="link"
        href="/blog/mysql-optimize-where"
      >
        <h2
          class="title"
        >
          Lorem ipsum dolor sit amet, consectetur adipiscing elit.
        </h2>
      </a>
      <span
        class="creation"
      >
        <span>
          January 13, 2020
        </span>
        <span>
           by _MoonLight_
        </span>
      </span>
      <div
        class="tags"
      >
        <div
          class="tag"
        >
          Javascript
        </div>
        <div
          class="tag"
        >
          Frontend
        </div>
        <div
          class="tag"
        >
          React
        </div>
      </div>
      <div
        class="paragraph"
      >
        Lorem ipsum dolor sit amet, consectetur adipiscing elit, sed do eiusmod tempor incididunt ut labore et dolore magna aliqua. Ut enim ad minim veniam, quis nostrud exercitation ullamco laboris nisi ut aliquip ex ea commodo consequat. Duis aute irure dolor in …
      </div>
    </div>
  </div>
  <div
    class="postItem"
  >
    <div
      class="post-list-item"
    >
      <a
        class="link"
        href="/blog/mysql-optimize-where"
      >
        <h2
          class="title"
        >
          Lorem ipsum dolor sit amet, consectetur adipiscing elit.
        </h2>
      </a>
      <span
        class="creation"
      >
        <span>
          January 13, 2020
        </span>
        <span>
           by _MoonLight_
        </span>
      </span>
      <div
        class="tags"
      >
        <div
          class="tag"
        >
          Javascript
        </div>
        <div
          class="tag"
        >
          Frontend
        </div>
        <div
          class="tag"
        >
          React
        </div>
      </div>
      <div
        class="paragraph"
      >
        Lorem ipsum dolor sit amet, consectetur adipiscing elit, sed do eiusmod tempor incididunt ut labore et dolore magna aliqua. Ut enim ad minim veniam, quis nostrud exercitation ullamco laboris nisi ut aliquip ex ea commodo consequat. Duis aute irure dolor in …
      </div>
    </div>
  </div>
  <div
    class="postItem"
  >
    <div
      class="post-list-item"
    >
      <a
        class="link"
        href="/blog/mysql-optimize-where"
      >
        <h2
          class="title"
        >
          Lorem ipsum dolor sit amet, consectetur adipiscing elit.
        </h2>
      </a>
      <span
        class="creation"
      >
        <span>
          January 13, 2020
        </span>
        <span>
           by _MoonLight_
        </span>
      </span>
      <div
        class="tags"
      >
        <div
          class="tag"
        >
          Javascript
        </div>
        <div
          class="tag"
        >
          Frontend
        </div>
        <div
          class="tag"
        >
          React
        </div>
      </div>
      <div
        class="paragraph"
      >
        Lorem ipsum dolor sit amet, consectetur adipiscing elit, sed do eiusmod tempor incididunt ut labore et dolore magna aliqua. Ut enim ad minim veniam, quis nostrud exercitation ullamco laboris nisi ut aliquip ex ea commodo consequat. Duis aute irure dolor in …
      </div>
    </div>
  </div>
  <div
    class="postItem"
  >
    <div
      class="post-list-item"
    >
      <a
        class="link"
        href="/blog/mysql-optimize-where"
      >
        <h2
          class="title"
        >
          Lorem ipsum dolor sit amet, consectetur adipiscing elit.
        </h2>
      </a>
      <span
        class="creation"
      >
        <span>
          January 13, 2020
        </span>
        <span>
           by _MoonLight_
        </span>
      </span>
      <div
        class="tags"
      >
        <div
          class="tag"
        >
          Javascript
        </div>
        <div
          class="tag"
        >
          Frontend
        </div>
        <div
          class="tag"
        >
          React
        </div>
      </div>
      <div
        class="paragraph"
      >
        Lorem ipsum dolor sit amet, consectetur adipiscing elit, sed do eiusmod tempor incididunt ut labore et dolore magna aliqua. Ut enim ad minim veniam, quis nostrud exercitation ullamco laboris nisi ut aliquip ex ea commodo consequat. Duis aute irure dolor in …
      </div>
    </div>
  </div>
  <div
    class="postItem"
  >
    <div
      class="post-list-item"
    >
      <a
        class="link"
        href="/blog/mysql-optimize-where"
      >
        <h2
          class="title"
        >
          Lorem ipsum dolor sit amet, consectetur adipiscing elit.
        </h2>
      </a>
      <span
        class="creation"
      >
        <span>
          January 13, 2020
        </span>
        <span>
           by _MoonLight_
        </span>
      </span>
      <div
        class="tags"
      >
        <div
          class="tag"
        >
          Javascript
        </div>
        <div
          class="tag"
        >
          Frontend
        </div>
        <div
          class="tag"
        >
          React
        </div>
      </div>
      <div
        class="paragraph"
      >
        Lorem ipsum dolor sit amet, consectetur adipiscing elit, sed do eiusmod tempor incididunt ut labore et dolore magna aliqua. Ut enim ad minim veniam, quis nostrud exercitation ullamco laboris nisi ut aliquip ex ea commodo consequat. Duis aute irure dolor in …
      </div>
    </div>
  </div>
  <div
    class="postItem"
  >
    <div
      class="post-list-item"
    >
      <a
        class="link"
        href="/blog/mysql-optimize-where"
      >
        <h2
          class="title"
        >
          Lorem ipsum dolor sit amet, consectetur adipiscing elit.
        </h2>
      </a>
      <span
        class="creation"
      >
        <span>
          January 13, 2020
        </span>
        <span>
           by _MoonLight_
        </span>
      </span>
      <div
        class="tags"
      >
        <div
          class="tag"
        >
          Javascript
        </div>
        <div
          class="tag"
        >
          Frontend
        </div>
        <div
          class="tag"
        >
          React
        </div>
      </div>
      <div
        class="paragraph"
      >
        Lorem ipsum dolor sit amet, consectetur adipiscing elit, sed do eiusmod tempor incididunt ut labore et dolore magna aliqua. Ut enim ad minim veniam, quis nostrud exercitation ullamco laboris nisi ut aliquip ex ea commodo consequat. Duis aute irure dolor in …
      </div>
    </div>
  </div>
  <div
    class="postItem"
  >
    <div
      class="post-list-item"
    >
      <a
        class="link"
        href="/blog/mysql-optimize-where"
      >
        <h2
          class="title"
        >
          Lorem ipsum dolor sit amet, consectetur adipiscing elit.
        </h2>
      </a>
      <span
        class="creation"
      >
        <span>
          January 13, 2020
        </span>
        <span>
           by _MoonLight_
        </span>
      </span>
      <div
        class="tags"
      >
        <div
          class="tag"
        >
          Javascript
        </div>
        <div
          class="tag"
        >
          Frontend
        </div>
        <div
          class="tag"
        >
          React
        </div>
      </div>
      <div
        class="paragraph"
      >
        Lorem ipsum dolor sit amet, consectetur adipiscing elit, sed do eiusmod tempor incididunt ut labore et dolore magna aliqua. Ut enim ad minim veniam, quis nostrud exercitation ullamco laboris nisi ut aliquip ex ea commodo consequat. Duis aute irure dolor in …
      </div>
    </div>
  </div>
  <div
    class="postItem"
  >
    <div
      class="post-list-item"
    >
      <a
        class="link"
        href="/blog/mysql-optimize-where"
      >
        <h2
          class="title"
        >
          Lorem ipsum dolor sit amet, consectetur adipiscing elit.
        </h2>
      </a>
      <span
        class="creation"
      >
        <span>
          January 13, 2020
        </span>
        <span>
           by _MoonLight_
        </span>
      </span>
      <div
        class="tags"
      >
        <div
          class="tag"
        >
          Javascript
        </div>
        <div
          class="tag"
        >
          Frontend
        </div>
        <div
          class="tag"
        >
          React
        </div>
      </div>
      <div
        class="paragraph"
      >
        Lorem ipsum dolor sit amet, consectetur adipiscing elit, sed do eiusmod tempor incididunt ut labore et dolore magna aliqua. Ut enim ad minim veniam, quis nostrud exercitation ullamco laboris nisi ut aliquip ex ea commodo consequat. Duis aute irure dolor in …
      </div>
    </div>
  </div>
</div>
`;
